12-20 14:20:57.403 12210 12242 I TestRunner: started: changeText_newActivity(com.example.android.testing.espresso.BasicSample.ChangeTextBehaviorKtTest)
12-20 14:20:57.454 12210 12242 W Settings: Setting always_finish_activities has moved from android.provider.Settings.System to android.provider.Settings.Global, returning read-only value.
12-20 14:20:57.554 12210 12242 D CompatibilityChangeReporter: Compat change id reported: 160794467; UID 10192; state: DISABLED
12-20 14:20:57.734   735   855 D SplashScreenView: Build android.window.SplashScreenView{65131c1 V.E...... ......ID 0,0-0,0}
12-20 14:20:57.734   735   855 D SplashScreenView: Icon: view: null drawable: null size: 0
12-20 14:20:57.734   735   855 D SplashScreenView: Branding: view: android.view.View{a012d66 G.ED..... ......I. 0,0-0,0 #10204ef android:id/splashscreen_branding_view} drawable: null size w: 0 h: 0
12-20 14:20:57.849   523   544 W system_server: Long monitor contention with owner binder:523_1A (2124) at android.content.res.Configuration com.android.server.wm.ActivityTaskManagerService.getGlobalConfigurationForPid(int)(ActivityTaskManagerService.java:1133) waiters=1 in void com.android.server.wm.WindowAnimator.lambda$new$1(long) for 178ms
12-20 14:20:57.885   375   375 I BpBinder: onLastStrongRef automatically unlinking death recipients:
12-20 14:20:58.013   735   858 E OpenGLRenderer: Unable to match the desired swap behavior.
12-20 14:20:58.106  1008  1717 D EGL_emulation: app_time_stats: avg=5800.78ms min=0.90ms max=68574.11ms count=12
12-20 14:20:58.164   523   532 I system_server: Background concurrent copying GC freed 697688(32MB) AllocSpace objects, 67(1780KB) LOS objects, 43% free, 30MB/54MB, paused 144us,28us total 7.532s
12-20 14:20:58.307   523   553 W system_server: Long monitor contention with owner android.display (543) at void com.android.server.am.ActivityManagerService.trimApplications(boolean, int)(ActivityManagerService.java:16730) waiters=3 in boolean com.android.server.am.BroadcastQueueModernImpl.lambda$new$0(android.os.Message) for 111ms
12-20 14:20:58.320  1500  1500 I GsaVoiceInteractionSrv: Handling ACTION_STOP_HOTWORD
12-20 14:20:58.366  1500  2346 I HwDetectorWithState: (REDACTED) a: %d
12-20 14:20:58.423   735   858 D EGL_emulation: app_time_stats: avg=3770.77ms min=3770.77ms max=3770.77ms count=1
12-20 14:20:58.429   523  2137 W system_server: Long monitor contention with owner android.anim (544) at android.window.TaskSnapshot com.android.server.wm.SnapshotCache.getSnapshot(java.lang.Integer)(SnapshotCache.java:53) waiters=1 in android.app.ActivityTaskManager$RootTaskInfo com.android.server.wm.ActivityTaskManagerService.getRootTaskInfo(int, int) for 119ms
12-20 14:20:58.507   735   743 I ndroid.systemui: Background concurrent copying GC freed 64608(2832KB) AllocSpace objects, 9(180KB) LOS objects, 50% free, 15MB/30MB, paused 142us,14us total 10.200s
12-20 14:20:58.542   318   318 D Zygote  : Forked child process 12255
12-20 14:20:58.566  9675 10241 I Icing   : Indexing com.google.android.gms-apps from com.google.android.gms
12-20 14:20:58.632   735   858 D EGL_emulation: app_time_stats: avg=5398.46ms min=2.31ms max=75130.23ms count=14
12-20 14:20:58.860 12255 12255 I asicSample.test: Late-enabling -Xcheck:jni
12-20 14:20:58.939 12255 12255 I asicSample.test: Using CollectorTypeCC GC.
12-20 14:20:59.017   391   410 I adbd    : jdwp connection from 12255
12-20 14:20:59.190  9675 10241 I Icing   : Indexing done com.google.android.gms-apps
12-20 14:20:59.229 12255 12255 I ActivityThread: Relaunch all activities: onCoreSettingsChange
12-20 14:20:59.234 12255 12255 D CompatibilityChangeReporter: Compat change id reported: 171979766; UID 10193; state: DISABLED
12-20 14:20:59.243 12255 12255 D CompatibilityChangeReporter: Compat change id reported: 242716250; UID 10193; state: DISABLED
12-20 14:20:59.259  9675 10241 I Icing   : Indexing com.google.android.gms-apps from com.google.android.gms
12-20 14:20:59.266 12255 12255 D ApplicationLoaders: Returning zygote-cached class loader: /system/framework/android.test.base.jar
12-20 14:20:59.297 12255 12255 D nativeloader: Configuring clns-6 for other apk /system/framework/android.test.mock.jar. target_sdk_version=30, uses_libraries=ALL, library_path=/data/app/~~O3ZXQlqgAl2tGSHaR_kv9A==/com.example.android.testing.espresso.BasicSample.test-s4XjyifeZQ7daeIAgyXviQ==/lib/arm64, permitted_path=/data:/mnt/expand:/data/user/0/com.example.android.testing.espresso.BasicSample.test
12-20 14:20:59.309  9675 10241 I Icing   : Indexing done com.google.android.gms-apps
12-20 14:20:59.310 12255 12255 D ApplicationLoaders: Returning zygote-cached class loader: /system/framework/android.test.base.jar
12-20 14:20:59.312 12255 12255 D nativeloader: Configuring clns-7 for other apk /system/framework/android.test.runner.jar. target_sdk_version=30, uses_libraries=ALL, library_path=/data/app/~~O3ZXQlqgAl2tGSHaR_kv9A==/com.example.android.testing.espresso.BasicSample.test-s4XjyifeZQ7daeIAgyXviQ==/lib/arm64, permitted_path=/data:/mnt/expand:/data/user/0/com.example.android.testing.espresso.BasicSample.test
12-20 14:20:59.315 12255 12255 W ziparchive: Unable to open '/data/app/~~O3ZXQlqgAl2tGSHaR_kv9A==/com.example.android.testing.espresso.BasicSample.test-s4XjyifeZQ7daeIAgyXviQ==/base.dm': No such file or directory
12-20 14:20:59.316 12255 12255 W ziparchive: Unable to open '/data/app/~~O3ZXQlqgAl2tGSHaR_kv9A==/com.example.android.testing.espresso.BasicSample.test-s4XjyifeZQ7daeIAgyXviQ==/base.dm': No such file or directory
12-20 14:20:59.342  9675 10241 I Icing   : Indexing com.google.android.gms-apps from com.google.android.gms
12-20 14:20:59.348  9675 10241 I Icing   : Indexing done com.google.android.gms-apps
12-20 14:20:59.382 12255 12255 D nativeloader: Configuring clns-8 for other apk /data/app/~~O3ZXQlqgAl2tGSHaR_kv9A==/com.example.android.testing.espresso.BasicSample.test-s4XjyifeZQ7daeIAgyXviQ==/base.apk. target_sdk_version=30, uses_libraries=, library_path=/data/app/~~O3ZXQlqgAl2tGSHaR_kv9A==/com.example.android.testing.espresso.BasicSample.test-s4XjyifeZQ7daeIAgyXviQ==/lib/arm64, permitted_path=/data:/mnt/expand:/data/user/0/com.example.android.testing.espresso.BasicSample.test
12-20 14:20:59.434 12255 12255 V GraphicsEnvironment: Currently set values for:
12-20 14:20:59.442 12255 12255 V GraphicsEnvironment:   angle_gl_driver_selection_pkgs=[]
12-20 14:20:59.444 12255 12255 V GraphicsEnvironment:   angle_gl_driver_selection_values=[]
12-20 14:20:59.446 12255 12255 V GraphicsEnvironment: ANGLE GameManagerService for com.example.android.testing.espresso.BasicSample.test: false
12-20 14:20:59.446 12255 12255 V GraphicsEnvironment: com.example.android.testing.espresso.BasicSample.test is not listed in per-application setting
12-20 14:20:59.447 12255 12255 V GraphicsEnvironment: Neither updatable production driver nor prerelease driver is supported.
12-20 14:20:59.608 12255 12279 D libEGL  : loaded /vendor/lib64/egl/libEGL_emulation.so
12-20 14:20:59.615 12255 12279 D libEGL  : loaded /vendor/lib64/egl/libGLESv1_CM_emulation.so
12-20 14:20:59.627 12255 12279 D libEGL  : loaded /vendor/lib64/egl/libGLESv2_emulation.so
12-20 14:20:59.657   735   858 D EGL_emulation: app_time_stats: avg=7.07ms min=0.71ms max=31.23ms count=55
12-20 14:20:59.715 12255 12255 E asicSample.test: Invalid resource ID 0x00000000.
12-20 14:21:00.030  4607  4632 I AiAiEcho: Predicting[0]:
12-20 14:21:00.031  4607  4632 I AiAiEcho: EchoTargets:
12-20 14:21:00.031  4607  4632 I AiAiEcho: Filtered by AiAi flag check:
12-20 14:21:00.032  4607  4632 I AiAiEcho: Ranked targets strategy: SORT, count: 0, ranking metadata:
12-20 14:21:00.075  4607  4632 I AiAiEcho: #postPredictionTargets: Sending updates to UISurface lockscreen with targets# 0 (types=[])
12-20 14:21:00.083   735   735 W PageIndicator: Total number of pages invalid: 0. Assuming 1 page.
12-20 14:21:00.153   375   375 I BpBinder: onLastStrongRef automatically unlinking death recipients:
12-20 14:21:00.317   523   652 W system_server: Long monitor contention with owner binder:523_4 (593) at void com.android.server.am.ProcessErrorStateRecord.dump(java.io.PrintWriter, java.lang.String, long)(ProcessErrorStateRecord.java:785) waiters=0 in void com.android.server.am.ActivityManagerService$LocalService.notifyNetworkPolicyRulesUpdated(int, long) for 129ms
12-20 14:21:00.375   735   858 D EGL_emulation: app_time_stats: avg=324.99ms min=16.32ms max=1812.23ms count=6
12-20 14:21:00.398   867  1074 D BtGatt.ScanManager: uid 10131 isForeground true scanMode -1
12-20 14:21:00.424 12210 12210 D LifecycleMonitor: Lifecycle status change: com.example.android.testing.espresso.BasicSample.MainActivity@985cd96 in: PRE_ON_CREATE
12-20 14:21:00.427 12210 12210 V ActivityScenario: Activity lifecycle changed event received but ignored because the reported transition was not ON_CREATE while the last known transition was PRE_ON_CREATE
12-20 14:21:00.430 12210 12210 E sso.BasicSample: Invalid resource ID 0x00000000.
12-20 14:21:00.434 12210 12290 D libEGL  : loaded /vendor/lib64/egl/libEGL_emulation.so
12-20 14:21:00.473 12210 12290 D libEGL  : loaded /vendor/lib64/egl/libGLESv1_CM_emulation.so
12-20 14:21:00.482 12210 12290 D libEGL  : loaded /vendor/lib64/egl/libGLESv2_emulation.so
12-20 14:21:00.486 12210 12210 D CompatibilityChangeReporter: Compat change id reported: 210923482; UID 10192; state: DISABLED
12-20 14:21:00.486 12210 12210 D CompatibilityChangeReporter: Compat change id reported: 37756858; UID 10192; state: ENABLED
12-20 14:21:00.516  1008  1055 I ImeTracker: com.google.android.apps.nexuslauncher:7c8e3913: onRequestHide at ORIGIN_CLIENT_HIDE_SOFT_INPUT reason HIDE_SOFT_INPUT
12-20 14:21:00.520   523   537 I ImeTracker: com.google.android.apps.nexuslauncher:7c8e3913: onCancelled at PHASE_SERVER_SHOULD_HIDE
12-20 14:21:00.529  1008  1764 D OneSearchSuggestProvider: Shut down the binder channel
12-20 14:21:00.532  1008  3490 I IPCThreadState: oneway function results for code 2 on binder at 0xb4000071b58905f0 will be dropped but finished with status UNKNOWN_TRANSACTION
12-20 14:21:00.604 12210 12210 D LifecycleMonitor: Lifecycle status change: com.example.android.testing.espresso.BasicSample.MainActivity@985cd96 in: CREATED
12-20 14:21:00.605 12210 12210 V ActivityScenario: Update currentActivityStage to CREATED, currentActivity=com.example.android.testing.espresso.BasicSample.MainActivity@985cd96
12-20 14:21:00.606 12210 12210 D LifecycleMonitor: Lifecycle status change: com.example.android.testing.espresso.BasicSample.MainActivity@985cd96 in: STARTED
12-20 14:21:00.608 12210 12210 V ActivityScenario: Update currentActivityStage to STARTED, currentActivity=com.example.android.testing.espresso.BasicSample.MainActivity@985cd96
12-20 14:21:00.634 12210 12210 D LifecycleMonitor: Lifecycle status change: com.example.android.testing.espresso.BasicSample.MainActivity@985cd96 in: RESUMED
12-20 14:21:00.635 12210 12210 V ActivityScenario: Update currentActivityStage to RESUMED, currentActivity=com.example.android.testing.espresso.BasicSample.MainActivity@985cd96
12-20 14:21:00.709 12210 12242 W FileTestStorage: Output properties is not supported.
12-20 14:21:00.716 12210 12242 I Tracing : Tracer added: class androidx.test.platform.tracing.AndroidXTracer
12-20 14:21:00.758 12210 12242 D EventInjectionStrategy: Creating injection strategy with input manager.
12-20 14:21:00.762 12210 12242 W sso.BasicSample: Accessing hidden method Landroid/hardware/input/InputManager;->getInstance()Landroid/hardware/input/InputManager; (unsupported, reflection, allowed)
12-20 14:21:00.774 12210 12210 D CompatibilityChangeReporter: Compat change id reported: 237531167; UID 10192; state: DISABLED
12-20 14:21:00.782 12210 12242 W sso.BasicSample: Accessing hidden method Landroid/hardware/input/InputManager;->injectInputEvent(Landroid/view/InputEvent;I)Z (unsupported, reflection, allowed)
12-20 14:21:00.783 12210 12242 W sso.BasicSample: Accessing hidden field Landroid/hardware/input/InputManager;->INJECT_INPUT_EVENT_MODE_WAIT_FOR_FINISH:I (unsupported, reflection, allowed)
12-20 14:21:00.789 12210 12210 W OpenGLRenderer: Unknown dataspace 0
12-20 14:21:00.927  4607  4612 I ogle.android.as: Background concurrent copying GC freed 18000(972KB) AllocSpace objects, 0(0B) LOS objects, 49% free, 5289KB/10MB, paused 119.108ms,357us total 10.327s
12-20 14:21:01.023 12042 12045 I AidlLazyServiceRegistrar: Process has 0 (of 1 available) client(s) in use after notification artd has clients: 0
12-20 14:21:01.023 12042 12045 I AidlLazyServiceRegistrar: Trying to shut down the service. No clients in use for any service in process.
12-20 14:21:01.026 12042 12045 I AidlLazyServiceRegistrar: Unregistered all clients and exiting
12-20 14:21:01.043  8024 26255 W WellbeingSettingsProvid: <DWB> Call failed: get_actions
12-20 14:21:01.043  8024 26255 W WellbeingSettingsProvid: java.util.concurrent.TimeoutException: Waited 5000 milliseconds (plus 1 milliseconds, 487919 nanoseconds delay) for lki@85cfc15[status=PENDING, info=[inputFuture=[lkh@1a3eb2a[status=PENDING, setFuture=[ljp@ee1d1b[status=PENDING, info=[inputFuture=[lki@22ceb8[status=PENDING, info=[inputFuture=[lki@41e4491[status=PENDING, info=[inputFuture=[lld@2ed8ff6[status=PENDING, info=[futures=[lki@f476ff7[status=PENDING, info=[inputFuture=[lki@5921e64[status=PENDING, info=[inputFuture=[lmb@9d198cd[status=PENDING, info=[delegate=[lng@65ab582[status=PENDING, setFuture=[lki@c791493[status=PENDING, info=[inputFuture=[lkh@84bcd0[status=PENDING, setFuture=[lkh@2ebf4c9[status=PENDING, info=[inputFuture=[lkh@f82a7ce[status=PENDING, info=[inputFuture=[lkh@11666ef[status=PENDING, info=[inputFuture=[lkh@5c0d5fc[status=PENDING, setFuture=[lmb@1361485[status=PENDING, info=[delegate=[lki@22572da[status=PENDING, info=[inputFuture=[lng@18c830b[status=PENDING, info=[task=[running=[NOT STARTED YET], jxw@e4355e8]]]], function=[propagating=[jej@487401]]]]]]]]]], function=[ksa@bf7e2a6]]]], function=[knj@e8bc126]]]], function=[ksa@1fe44e7]]]]]], function=[propagating=[bwc@8fa87f6]]]]]]]]]], function=[propagating=[bvr@3ebe894]]]]], function=[propagating=[cur@2c74f3d]]]]]]]], function=[propagating=[dce@f1cf0cd]]]]], function=[propagating=[bvq@f2f8332]]]]], exceptionType=[class java.lang.Throwable], fallback=[propagating=[bwc@b502c93]]]]]]], function=[propagating=[bvq@be04883]]]]
12-20 14:21:01.043  8024 26255 W WellbeingSettingsProvid: 	at lkf.get(PG:47)
12-20 14:21:01.043  8024 26255 W WellbeingSettingsProvid: 	at llt.get(PG:2)
12-20 14:21:01.043  8024 26255 W WellbeingSettingsProvid: 	at com.google.android.apps.wellbeing.api.impl.WellbeingSettingsProvider.i(PG:1)
12-20 14:21:01.043  8024 26255 W WellbeingSettingsProvid: 	at com.google.android.apps.wellbeing.api.impl.WellbeingSettingsProvider.call(PG:13)
12-20 14:21:01.043  8024 26255 W WellbeingSettingsProvid: 	at android.content.ContentProvider.call(ContentProvider.java:2679)
12-20 14:21:01.043  8024 26255 W WellbeingSettingsProvid: 	at android.content.ContentProvider$Transport.call(ContentProvider.java:628)
12-20 14:21:01.043  8024 26255 W WellbeingSettingsProvid: 	at android.content.ContentProviderNative.onTransact(ContentProviderNative.java:307)
12-20 14:21:01.043  8024 26255 W WellbeingSettingsProvid: 	at android.os.Binder.execTransactInternal(Binder.java:1339)
12-20 14:21:01.043  8024 26255 W WellbeingSettingsProvid: 	at android.os.Binder.execTransact(Binder.java:1275)
12-20 14:21:01.122 12210 12210 D AutofillManager: notifyViewEnteredForFillDialog:1073741824
12-20 14:21:01.151 12210 12289 W OpenGLRenderer: Failed to choose config with EGL_SWAP_BEHAVIOR_PRESERVED, retrying without...
12-20 14:21:01.154 12210 12289 W OpenGLRenderer: Failed to initialize 101010-2 format, error = EGL_SUCCESS
12-20 14:21:01.196   123   123 I hwservicemanager: getTransport: Cannot find entry android.hardware.graphics.mapper@4.0::IMapper/default in either framework or device VINTF manifest.
12-20 14:21:01.197 12210 12289 I Gralloc4: mapper 4.x is not supported
12-20 14:21:01.253 12210 12289 E OpenGLRenderer: Unable to match the desired swap behavior.
12-20 14:21:01.432  5540  5551 W ssioncontroller: Reducing the number of considered missed Gc histogram windows from 529 to 100
12-20 14:21:01.489 12210 12242 W sso.BasicSample: Accessing hidden method Landroid/view/ViewConfiguration;->getDoubleTapMinTime()I (unsupported, reflection, allowed)
12-20 14:21:01.502   523   540 W ziparchive: Unable to open '/data/app/~~6qAqMZCSTaRIqGgM0rXW9Q==/com.example.android.testing.espresso.BasicSample-KoFgeSxhH_ZVFA_yHmyoNA==/base.dm': No such file or directory
12-20 14:21:01.507 12210 12210 I Choreographer: Skipped 36 frames!  The application may be doing too much work on its main thread.
12-20 14:21:01.508   523   540 I ActivityTaskManager: Displayed com.example.android.testing.espresso.BasicSample/.MainActivity for user 0: +3s938ms
12-20 14:21:01.515 12210 12242 W FileTestStorage: Test input args is not supported.
12-20 14:21:01.577   735   858 D EGL_emulation: app_time_stats: avg=1671.91ms min=1429.31ms max=1914.52ms count=2
12-20 14:21:01.613  4607  4607 I AiAiEcho: AppFetcherImpl onPackageChanged com.example.android.testing.espresso.BasicSample.test.
12-20 14:21:01.644 12210 12210 W sso.BasicSample: Accessing hidden method Landroid/os/MessageQueue;->next()Landroid/os/Message; (unsupported, reflection, allowed)
12-20 14:21:01.647   735   858 D EGL_emulation: app_time_stats: avg=1271.87ms min=1271.87ms max=1271.87ms count=1
12-20 14:21:01.657 12210 12210 W sso.BasicSample: Accessing hidden field Landroid/os/MessageQueue;->mMessages:Landroid/os/Message; (unsupported, reflection, allowed)
12-20 14:21:01.673 12210 12210 W sso.BasicSample: Accessing hidden method Landroid/os/Message;->recycleUnchecked()V (unsupported, reflection, allowed)
12-20 14:21:01.697  4607 12312 I AiAiEcho: AppIndexer Package:[com.example.android.testing.espresso.BasicSample.test] UserProfile:[0] Enabled:[true].
12-20 14:21:01.709  4607 12312 I AiAiEcho: AppFetcherImplV2 updateApps package:[com.example.android.testing.espresso.BasicSample.test], userId:[0], reason:[package is updated.].
12-20 14:21:01.776 12210 12223 I OpenGLRenderer: Davey! duration=746ms; Flags=0, FrameTimelineVsyncId=132557, IntendedVsync=142069548148930, Vsync=142070148148906, InputEventId=0, HandleInputStart=142070159084029, AnimationStart=142070159085862, PerformTraversalsStart=142070159453737, DrawStart=142070160239279, FrameDeadline=142070114815574, FrameInterval=142070151928487, FrameStartTime=16666666, SyncQueued=142070160999571, SyncStart=142070270168071, IssueDrawCommandsStart=142070371744113, SwapBuffers=142070387867071, FrameCompleted=142070404191488, DequeueBufferDuration=2709, QueueBufferDuration=14885583, GpuCompleted=142070404153904, SwapBuffersCompleted=142070404191488, DisplayPresentTime=0, CommandSubmissionCompleted=142070387867071,
12-20 14:21:01.782   523  1947 I ImeTracker: com.example.android.testing.espresso.BasicSample:38da82fd: onRequestHide at ORIGIN_SERVER_HIDE_INPUT reason HIDE_UNSPECIFIED_WINDOW
12-20 14:21:01.783   523  1947 I ImeTracker: com.example.android.testing.espresso.BasicSample:38da82fd: onCancelled at PHASE_SERVER_SHOULD_HIDE
12-20 14:21:01.808  1368  1368 I GoogleInputMethodService: GoogleInputMethodService.onFinishInput():3227
12-20 14:21:01.862  1368  1368 I GoogleInputMethodService: GoogleInputMethodService.updateDeviceLockedStatus():2087 repeatCheckTimes = 0, unlocked = true
12-20 14:21:01.872  1368  1368 I GoogleInputMethodService: GoogleInputMethodService.onStartInput():1877 onStartInput(EditorInfo{inputType=0x0(NULL) imeOptions=0x0 privateImeOptions=null actionName=UNSPECIFIED actionLabel=null actionId=0 initialSelStart=-1 initialSelEnd=-1 initialCapsMode=0x0 hintText=null label=null packageName=com.example.android.testing.espresso.BasicSample fieldId=0 fieldName=null extras=null}, false)
12-20 14:21:01.873  1368  1368 I GoogleInputMethodService: GoogleInputMethodService.shouldHideHeaderOnInitialState():4008 ShouldHideHeaderOnInitialState = false
12-20 14:21:01.882  1368  1368 I GoogleInputMethodService: GoogleInputMethodService.updateDeviceLockedStatus():2087 repeatCheckTimes = 2, unlocked = true
12-20 14:21:01.914 12210 12210 W sso.BasicSample: Accessing hidden method Landroid/view/WindowManagerGlobal;->getInstance()Landroid/view/WindowManagerGlobal; (unsupported, reflection, allowed)
12-20 14:21:01.917 12210 12210 W sso.BasicSample: Accessing hidden field Landroid/view/WindowManagerGlobal;->mViews:Ljava/util/ArrayList; (unsupported, reflection, allowed)
12-20 14:21:01.922 12210 12210 W sso.BasicSample: Accessing hidden field Landroid/view/WindowManagerGlobal;->mParams:Ljava/util/ArrayList; (unsupported, reflection, allowed)
12-20 14:21:01.933 12210 12210 D CompatibilityChangeReporter: Compat change id reported: 247079863; UID 10192; state: DISABLED
12-20 14:21:01.934 12210 12210 I ViewInteraction: Performing 'type text(Prueba de Sonido)' action on view view.getId() is <2130903042/com.example.android.testing.espresso.BasicSample:id/editTextUserInput>
12-20 14:21:01.983  1008  1008 D TaplEvents: TIS / TouchInteractionService.onInputEvent: MotionEvent { action=ACTION_DOWN, actionButton=0, id[0]=0, x[0]=539.5, y[0]=583.5, toolType[0]=TOOL_TYPE_UNKNOWN, buttonState=BUTTON_PRIMARY, classification=NONE, metaState=0, flags=0x0, edgeFlags=0x0, pointerCount=1, historySize=0, eventTime=142070590, downTime=142070590, deviceId=-1, source=0x1002, displayId=0, eventId=-389489722 }
12-20 14:21:02.038   735   854 W WindowOnBackDispatcher: sendCancelIfRunning: isInProgress=falsecallback=android.view.ViewRootImpl$$ExternalSyntheticLambda17@a8957f9
12-20 14:21:02.048   523   586 W InputManager-JNI: Input channel object 'c6eecc0 Splash Screen com.example.android.testing.espresso.BasicSample.test (client)' was disposed without first being removed with the input manager!
12-20 14:21:02.100  1008  1008 D TaplEvents: TIS / TouchInteractionService.onInputEvent: MotionEvent { action=ACTION_UP, actionButton=0, id[0]=0, x[0]=539.5, y[0]=583.5, toolType[0]=TOOL_TYPE_FINGER, buttonState=BUTTON_PRIMARY, classification=NONE, metaState=0, flags=0x0, edgeFlags=0x0, pointerCount=1, historySize=0, eventTime=142070662, downTime=142070590, deviceId=-1, source=0x1002, displayId=0, eventId=-436677859 }
12-20 14:21:02.113   735   858 D EGL_emulation: app_time_stats: avg=63.42ms min=0.94ms max=1814.87ms count=34
12-20 14:21:02.147  1368  1368 I GoogleInputMethodService: GoogleInputMethodService.onFinishInput():3227
12-20 14:21:02.156  1368  1368 I GoogleInputMethodService: GoogleInputMethodService.updateDeviceLockedStatus():2087 repeatCheckTimes = 0, unlocked = true
12-20 14:21:02.157  1368  1368 I GoogleInputMethodService: GoogleInputMethodService.onStartInput():1877 onStartInput(EditorInfo{inputType=0x20001(Normal) imeOptions=0x40000006 privateImeOptions=null actionName=DONE actionLabel=null actionId=0 initialSelStart=0 initialSelEnd=0 initialCapsMode=0x0 hintText=non-empty label=null packageName=com.example.android.testing.espresso.BasicSample fieldId=2130903042 fieldName=null extras=null}, false)
12-20 14:21:02.157  1368  1368 I GoogleInputMethodService: GoogleInputMethodService.shouldHideHeaderOnInitialState():4008 ShouldHideHeaderOnInitialState = false
12-20 14:21:02.160  1368  1368 I GoogleInputMethodService: GoogleInputMethodService.updateDeviceLockedStatus():2087 repeatCheckTimes = 2, unlocked = true
12-20 14:21:02.166 12210 12210 D CompatibilityChangeReporter: Compat change id reported: 163400105; UID 10192; state: DISABLED
12-20 14:21:02.175 12210 12210 I ImeTracker: com.example.android.testing.espresso.BasicSample:9b5e2b39: onRequestShow at ORIGIN_CLIENT_SHOW_SOFT_INPUT reason SHOW_SOFT_INPUT
12-20 14:21:02.179 12210 12210 D InputMethodManager: showSoftInput() view=android.widget.EditText{3ff43a7 VFED..CL. .F.P..ID 44,302-1036,426 #7f030002 app:id/editTextUserInput aid=1073741824} flags=0 reason=SHOW_SOFT_INPUT
12-20 14:21:02.249  1368  1368 I DeviceModeUtil: DeviceModeUtil.getDeviceMode():122 Get device mode phone by ui mode:1 and smallestScreenWidthDp:393
12-20 14:21:02.343  1368  1368 I GoogleInputMethodService: GoogleInputMethodService.onStartInputView():1995 onStartInputView(EditorInfo{inputType=0x20001(Normal) imeOptions=0x40000006 privateImeOptions=null actionName=DONE actionLabel=null actionId=0 initialSelStart=0 initialSelEnd=0 initialCapsMode=0x0 hintText=non-empty label=null packageName=com.example.android.testing.espresso.BasicSample fieldId=2130903042 fieldName=null extras=null}, false)
12-20 14:21:02.351   523   671 W system_server: Long monitor contention with owner android.bg (552) at boolean android.os.MessageQueue.enqueueMessage(android.os.Message, long)(MessageQueue.java:600) waiters=0 in android.os.Message android.os.MessageQueue.next() for 384ms
12-20 14:21:02.360  1368  1368 I GoogleInputMethodService: GoogleInputMethodService.updateDeviceLockedStatus():2087 repeatCheckTimes = 2, unlocked = true
12-20 14:21:02.388  1368  1368 W ModuleManager: ModuleManager.loadModule():450 Module erj is not available
12-20 14:21:02.439  1368  1483 I DeviceModeUtil: DeviceModeUtil.getDeviceMode():122 Get device mode phone by ui mode:1 and smallestScreenWidthDp:393
12-20 14:21:02.483   523   523 W system_server: Long monitor contention with owner android.bg (552) at java.util.ArrayList com.android.server.accessibility.AccessibilityManagerService$AccessibilityDisplayListener.getValidDisplayList()(AccessibilityManagerService.java:4480) waiters=0 in boolean com.android.server.accessibility.AccessibilityManagerService$LocalServiceImpl.isTouchExplorationEnabled(int) for 340ms
12-20 14:21:02.492  1368  1368 I KeyboardViewUtil: KeyboardViewUtil.getKeyboardHeightRatio():189 systemKeyboardHeightRatio:1.000000; userKeyboardHeightRatio:1.000000.
12-20 14:21:02.499  1368  1368 I AndroidIME: AbstractIme.onActivate():86 LatinIme.onActivate() : EditorInfo = inputType=0x20001(Normal) imeOptions=0x40000006 privateImeOptions=null actionName=DONE actionLabel=null actionId=0 initialSelStart=0 initialSelEnd=0 initialCapsMode=0x0 hintText=non-empty label=null packageName=com.example.android.testing.espresso.BasicSample fieldId=2130903042 fieldName=null extras=null, IncognitoMode = false, DeviceLocked = false
12-20 14:21:02.514 12210 12210 I AssistStructure: Flattened final assist data: 1536 bytes, containing 1 windows, 6 views
12-20 14:21:02.545  1368  1368 I Delight5Facilitator: Delight5Facilitator.initializeForIme():777 initializeForIme() : Locale = [en_US], layout = qwerty
12-20 14:21:02.616  1368  1368 I VoiceInputManagerWrapper: VoiceInputManagerWrapper.cancelShutdown():55 cancelShutdown()
12-20 14:21:02.617  1368  1368 I VoiceInputManagerWrapper: VoiceInputManagerWrapper.syncLanguagePacks():67 syncLanguagePacks()
12-20 14:21:02.628  1368  5597 I SpeechFactory: SpeechRecognitionFactory.maybeScheduleAutoPackDownloadForFallback():205 maybeScheduleAutoPackDownloadForFallback()
12-20 14:21:02.651  1368  1368 I LatinIme: LatinIme.updateEnableInlineSuggestionsOnDecoderSideFlags():1003 inline flag updated to:false
12-20 14:21:02.661  1368  5597 I FallbackOnDeviceRecognitionProvider: FallbackOnDeviceRecognitionProvider.maybeScheduleAutoPackDownload():195 maybeScheduleAutoPackDownload() for language tag en-US
12-20 14:21:02.707  1368  1368 I KeyboardWrapper: KeyboardWrapper.consumeEvent():275 Skip consuming an event as current keyboard is deactivated (state=0, keyboard existence=true)
12-20 14:21:02.754  1368  1368 I KeyboardViewUtil: KeyboardViewUtil.calculateMaxKeyboardBodyHeight():40 leave 344 height for app when screen height:2088, header height:121 and isFullscreenMode:false, so the max keyboard body height is:1623
12-20 14:21:02.758  1368  1368 I DeviceModeUtil: DeviceModeUtil.getDeviceMode():122 Get device mode phone by ui mode:1 and smallestScreenWidthDp:393
12-20 14:21:02.760  1368  1368 I GoogleInputMethodService: GoogleInputMethodService.setKeyboardViewShown():3483 setKeyboardViewShown() : type = HEADER, shownType = SHOW_OPTIONAL
12-20 14:21:02.761  1368  1368 I GoogleInputMethodService: GoogleInputMethodService.setKeyboardViewShown():3530 setKeyboardViewShown() : shouldShow = true
12-20 14:21:02.761  1368  1368 I GoogleInputMethodService: GoogleInputMethodService.setKeyboardViewShown():3483 setKeyboardViewShown() : type = BODY, shownType = SHOW_MANDATORY
12-20 14:21:02.762  1368  1368 I GoogleInputMethodService: GoogleInputMethodService.setKeyboardViewShown():3530 setKeyboardViewShown() : shouldShow = true
12-20 14:21:02.762  1368  1368 I GoogleInputMethodService: GoogleInputMethodService.setKeyboardViewShown():3483 setKeyboardViewShown() : type = FLOATING_CANDIDATES, shownType = HIDE
12-20 14:21:02.762  1368  1368 I GoogleInputMethodService: GoogleInputMethodService.setKeyboardViewShown():3530 setKeyboardViewShown() : shouldShow = false
12-20 14:21:02.764  1368  1368 I KeyboardViewUtil: KeyboardViewUtil.calculateMaxKeyboardBodyHeight():40 leave 344 height for app when screen height:2088, header height:121 and isFullscreenMode:false, so the max keyboard body height is:1623
12-20 14:21:02.776  1368  1368 I DeviceModeUtil: DeviceModeUtil.getDeviceMode():122 Get device mode phone by ui mode:1 and smallestScreenWidthDp:393
12-20 14:21:02.781  1368  1368 I DeviceModeUtil: DeviceModeUtil.getDeviceMode():122 Get device mode phone by ui mode:1 and smallestScreenWidthDp:393
12-20 14:21:02.781  1368  1368 I DeviceModeUtil: DeviceModeUtil.getDeviceMode():122 Get device mode phone by ui mode:1 and smallestScreenWidthDp:393
12-20 14:21:02.782  1368  1368 I KeyboardModeManager: KeyboardModeManager.setInputView():364 setInputView() : supportsOneHandedMode=true
12-20 14:21:02.782  1368  1368 I NormalModeController: NormalModeController.getKeyboardBodyViewHolderPaddingBottom():116 currentPrimeKeyboardType:SOFT systemPaddingBottom:-1
12-20 14:21:02.783  1368  1368 I NormalModeController: NormalModeController.getKeyboardBodyViewHolderPaddingBottom():116 currentPrimeKeyboardType:SOFT systemPaddingBottom:-1
12-20 14:21:02.791  1368  1368 I KeyboardModeManager: KeyboardModeManager.setInputView():356 setInputView() : entry=hwn{languageTag=en-US, variant=qwerty, hasLocalizedResources=true, conditionCacheKey=_device=phone_device_size=default_enable_adaptive_text_editing=true_enable_inline_suggestions_on_client_side=false_enable_large_tablet_batch_1=false_enable_large_tablet_batch_2=false_enable_more_candidates_view_for_multilingual=false_enable_nav_redesign=false_enable_number_row=false_enable_preemptive_decode=true_enable_secondary_symbols=false_expressions=normal_four_or_more_letter_rows=false_keyboard_mode=normal_language=en-US_orientation=portrait_physical_keyboard=qwerty_show_secondary_digits=true_show_suggestions=true_split_with_duplicate_keys=true_variant=qwerty, imeDef.stringId=ime_english_united_states, imeDef.className=com.google.android.apps.inputmethod.libs.latin5.LatinIme, imeDef.languageTag=en-US}
12-20 14:21:02.810  1368  1368 I VoiceImeExtension: VoiceImeExtension.shouldStartVoiceInputAutomatically():383 No private IME option set to start voice input.
12-20 14:21:02.831 12210 12210 D UiControllerImpl: Injecting string: "Prueba de Sonido"
12-20 14:21:02.898  1368  1516 E OpenGLRenderer: Unable to match the desired swap behavior.
12-20 14:21:02.916  9675  9675 D BoundBrokerSvc: onBind: Intent { act=com.google.firebase.dynamiclinks.service.START pkg=com.google.android.gms }
12-20 14:21:02.920  9675  9675 D BoundBrokerSvc: Loading bound service for intent: Intent { act=com.google.firebase.dynamiclinks.service.START pkg=com.google.android.gms }
12-20 14:21:03.073  1368  1403 I OpenGLRenderer: Davey! duration=710ms; Flags=1, FrameTimelineVsyncId=133102, IntendedVsync=142070998148872, Vsync=142071464815520, InputEventId=0, HandleInputStart=142071492797113, AnimationStart=142071492797405, PerformTraversalsStart=142071492797571, DrawStart=142071555057238, FrameDeadline=142071014815538, FrameInterval=142071468906446, FrameStartTime=16666666, SyncQueued=142071636168530, SyncStart=142071637174863, IssueDrawCommandsStart=142071637769738, SwapBuffers=142071672326863, FrameCompleted=142071709302238, DequeueBufferDuration=1753667, QueueBufferDuration=10315750, GpuCompleted=142071707466905, SwapBuffersCompleted=142071709302238, DisplayPresentTime=0, CommandSubmissionCompleted=142071672326863,
12-20 14:21:03.083 12210 12210 D InsetsController: show(ime(), fromIme=true)
12-20 14:21:03.116   735   858 D EGL_emulation: app_time_stats: avg=12.62ms min=0.84ms max=56.27ms count=52
12-20 14:21:03.163  1368  1368 I DeviceModeUtil: DeviceModeUtil.getDeviceMode():122 Get device mode phone by ui mode:1 and smallestScreenWidthDp:393
12-20 14:21:03.179  1368  1368 I DeviceModeUtil: DeviceModeUtil.getDeviceMode():122 Get device mode phone by ui mode:1 and smallestScreenWidthDp:393
12-20 14:21:03.180  1368  1368 I NormalModeController: NormalModeController.getKeyboardBodyViewHolderPaddingBottom():116 currentPrimeKeyboardType:SOFT systemPaddingBottom:-1
12-20 14:21:03.201 12210 12289 D EGL_emulation: app_time_stats: avg=158.61ms min=9.70ms max=603.32ms count=11
12-20 14:21:03.219  1368  1982 I Delight5Decoder: Delight5DecoderWrapper.setKeyboardLayout():457 setKeyboardLayout()
12-20 14:21:03.234  1368  1368 W InputContextProxyV4: InputContextProxyV4.applyClientDiffInternal():897 Ignore [FetchSuggestions] diff due to stale request: 123<124, inputStateId=73, lastInputStateId=72
12-20 14:21:03.298  1368  1368 W TooltipLifecycleManager: TooltipLifecycleManager.dismissTooltips():159 Tooltip with id spell_check_add_to_dictionary not found in tooltipManager.
12-20 14:21:03.345   735   735 D StatusBarIconController: ignoring old pipeline callbacks, because the new mobile icons are enabled
12-20 14:21:03.402  1214  1214 W AutofillChimeraService: Pending fill request while another request in the same session was triggered. [CONTEXT service_id=177 ]
12-20 14:21:03.405  1368  1368 W AndroidSpellCheckerService: AndroidSpellCheckerService.initialize():82 initialize...
12-20 14:21:03.405  1368  1368 I ShortcutsDataManager: ShortcutsDataManager.onContentChanged():70 onContentChanged()
12-20 14:21:03.406  1368  1368 I ContactsDataManager: ContactsDataManager.onContentChanged():156 onContentChanged()
12-20 14:21:03.407  1368  1368 W AndroidSpellCheckerService: AndroidSpellCheckerService.initialize():94 initialize...done
12-20 14:21:03.461  9675  9675 D BoundBrokerSvc: onBind: Intent { act=com.google.android.mdd.service.START dat=chimera-action:/... cmp=com.google.android.gms/.chimera.GmsBoundBrokerService }
12-20 14:21:03.465  9675  9675 D BoundBrokerSvc: Loading bound service for intent: Intent { act=com.google.android.mdd.service.START dat=chimera-action:/... cmp=com.google.android.gms/.chimera.GmsBoundBrokerService }
12-20 14:21:03.577 12210 12210 I ImeTracker: com.example.android.testing.espresso.BasicSample:9b5e2b39: onShown
12-20 14:21:03.590  1368  1368 W TooltipLifecycleManager: TooltipLifecycleManager.dismissTooltips():159 Tooltip with id spell_check_add_to_dictionary not found in tooltipManager.
12-20 14:21:03.810  1368  1368 I GoogleInputMethodService: GoogleInputMethodService.setKeyboardViewShown():3483 setKeyboardViewShown() : type = HEADER, shownType = SHOW_MANDATORY_WITH_ANIMATION
12-20 14:21:03.811  1368  1368 I GoogleInputMethodService: GoogleInputMethodService.setKeyboardViewShown():3530 setKeyboardViewShown() : shouldShow = true
12-20 14:21:03.832   523  2137 W system_server: Long monitor contention with owner binder:523_16 (1958) at void com.android.server.am.ProcessErrorStateRecord.dump(java.io.PrintWriter, java.lang.String, long)(ProcessErrorStateRecord.java:785) waiters=0 in int com.android.server.am.ActivityManagerService$LocalService.getInstrumentationSourceUid(int) for 148ms
12-20 14:21:03.899  1368  1368 W TooltipLifecycleManager: TooltipLifecycleManager.dismissTooltips():159 Tooltip with id spell_check_add_to_dictionary not found in tooltipManager.
12-20 14:21:03.995   995   995 V InlineSuggestionRenderService: handleDestroySuggestionViews called for 0:1282503854
12-20 14:21:04.060  1368  1982 I native  : I0000 00:00:1734718864.058565    1982 input-context-store.cc:255] Ignoring stale client request for FetchSuggestions
12-20 14:21:04.110  1368  1368 W InputConnectionWrapper: InputConnectionWrapper.recordDuration():1451 IPC IC_GET_SURROUNDING_TEXT took 105 ms
12-20 14:21:04.124  1368  1368 W InputContextProxyV4: InputContextProxyV4.applyClientDiffInternal():897 Ignore [FetchSuggestions] diff due to stale request: 128<130, inputStateId=78, lastInputStateId=78
12-20 14:21:04.125   735   858 D EGL_emulation: app_time_stats: avg=20.33ms min=1.96ms max=99.55ms count=39
12-20 14:21:04.216 12210 12289 D EGL_emulation: app_time_stats: avg=126.26ms min=73.11ms max=235.65ms count=8
12-20 14:21:04.225  1368  1368 W InputContextProxyV4: InputContextProxyV4.applyClientDiffInternal():897 Ignore [FetchSuggestions] diff due to stale request: 130<131, inputStateId=79, lastInputStateId=80
12-20 14:21:04.262  1368  1368 I GoogleInputMethodService: GoogleInputMethodService.setKeyboardViewShown():3483 setKeyboardViewShown() : type = HEADER, shownType = SHOW_MANDATORY_WITH_ANIMATION
12-20 14:21:04.262  1368  1368 I GoogleInputMethodService: GoogleInputMethodService.setKeyboardViewShown():3530 setKeyboardViewShown() : shouldShow = true
12-20 14:21:04.323  1368  1516 D EGL_emulation: app_time_stats: avg=314.11ms min=131.95ms max=469.14ms count=4
12-20 14:21:04.397   523  1293 W system_server: Long monitor contention with owner binder:523_16 (1958) at void com.android.server.am.ProcessErrorStateRecord.dump(java.io.PrintWriter, java.lang.String, long)(ProcessErrorStateRecord.java:785) waiters=0 in int com.android.server.am.ActivityManagerService$LocalService.getInstrumentationSourceUid(int) for 168ms
12-20 14:21:04.444  1368  1368 W TooltipLifecycleManager: TooltipLifecycleManager.dismissTooltips():159 Tooltip with id spell_check_add_to_dictionary not found in tooltipManager.
12-20 14:21:04.478  9675  9675 D BoundBrokerSvc: onBind: Intent { act=com.google.android.gms.common.BIND_SHARED_PREFS pkg=com.google.android.gms }
12-20 14:21:04.491  9675  9675 D BoundBrokerSvc: Loading bound service for intent: Intent { act=com.google.android.gms.common.BIND_SHARED_PREFS pkg=com.google.android.gms }
12-20 14:21:04.612  9675  9675 D BoundBrokerSvc: onUnbind: Intent { act=com.google.android.gms.common.BIND_SHARED_PREFS pkg=com.google.android.gms }
12-20 14:21:04.635  1368  1368 W InputContextProxyV4: InputContextProxyV4.applyClientDiffInternal():897 Ignore [FetchSuggestions] diff due to stale request: 134<136, inputStateId=83, lastInputStateId=84
12-20 14:21:04.648  9675  9675 D BoundBrokerSvc: onBind: Intent { act=com.google.android.gms.common.BIND_SHARED_PREFS pkg=com.google.android.gms }
12-20 14:21:04.648  9675  9675 D BoundBrokerSvc: Loading bound service for intent: Intent { act=com.google.android.gms.common.BIND_SHARED_PREFS pkg=com.google.android.gms }
12-20 14:21:04.665  9675  9675 D BoundBrokerSvc: onUnbind: Intent { act=com.google.android.gms.common.BIND_SHARED_PREFS pkg=com.google.android.gms }
12-20 14:21:04.682  4607  4607 I AiAiEcho: AppFetcherImpl onPackageChanged com.example.android.testing.espresso.BasicSample.
12-20 14:21:04.689  4607 12313 I AiAiEcho: AppIndexer Package:[com.example.android.testing.espresso.BasicSample] UserProfile:[0] Enabled:[true].
12-20 14:21:04.691  4607 12313 I AiAiEcho: AppFetcherImplV2 updateApps package:[com.example.android.testing.espresso.BasicSample], userId:[0], reason:[package is updated.].
12-20 14:21:04.724  1368  1982 I native  : I0000 00:00:1734718864.724563    1982 input-context-store.cc:255] Ignoring stale client request for FetchSuggestions
12-20 14:21:04.762  1368  1368 W InputContextProxyV4: InputContextProxyV4.applyClientDiffInternal():897 Ignore [FetchSuggestions] diff due to stale request: 136<144, inputStateId=88, lastInputStateId=89
12-20 14:21:05.005  1368  1368 W TooltipLifecycleManager: TooltipLifecycleManager.dismissTooltips():159 Tooltip with id spell_check_add_to_dictionary not found in tooltipManager.
12-20 14:21:05.072  1368  1982 I native  : I0000 00:00:1734718865.072177    1982 input-context-store.cc:255] Ignoring stale client request for FetchSuggestions
12-20 14:21:05.091  1368  1368 W InputContextProxyV4: InputContextProxyV4.applyClientDiffInternal():897 Ignore [FetchSuggestions] diff due to stale request: 143<147, inputStateId=91, lastInputStateId=91
12-20 14:21:05.134   735   858 D EGL_emulation: app_time_stats: avg=13.27ms min=1.20ms max=50.86ms count=51
12-20 14:21:05.167  1368  1368 I GoogleInputMethodService: GoogleInputMethodService.setKeyboardViewShown():3483 setKeyboardViewShown() : type = HEADER, shownType = SHOW_MANDATORY_WITH_ANIMATION
12-20 14:21:05.170  1368  1368 I GoogleInputMethodService: GoogleInputMethodService.setKeyboardViewShown():3530 setKeyboardViewShown() : shouldShow = true
12-20 14:21:05.234   523  1958 W system_server: Long monitor contention with owner binder:523_B (1321) at void com.android.server.am.ProcessErrorStateRecord.dump(java.io.PrintWriter, java.lang.String, long)(ProcessErrorStateRecord.java:785) waiters=0 in int com.android.server.am.ActivityManagerService$LocalService.getInstrumentationSourceUid(int) for 284ms
12-20 14:21:05.315 12210 12289 D EGL_emulation: app_time_stats: avg=136.46ms min=28.31ms max=274.00ms count=8
12-20 14:21:05.422  1368  1516 D EGL_emulation: app_time_stats: avg=274.17ms min=145.01ms max=391.58ms count=4
12-20 14:21:05.574  1368  1982 I native  : I0000 00:00:1734718865.574523    1982 input-context-store.cc:255] Ignoring stale client request for FetchSuggestions
12-20 14:21:05.664  1368  1368 W InputContextProxyV4: InputContextProxyV4.applyClientDiffInternal():897 Ignore [FetchSuggestions] diff due to stale request: 150<155, inputStateId=94, lastInputStateId=96
12-20 14:21:05.703  1368  1368 I GoogleInputMethodService: GoogleInputMethodService.setKeyboardViewShown():3483 setKeyboardViewShown() : type = HEADER, shownType = SHOW_MANDATORY_WITH_ANIMATION
12-20 14:21:05.708  1368  1368 I GoogleInputMethodService: GoogleInputMethodService.setKeyboardViewShown():3530 setKeyboardViewShown() : shouldShow = true
12-20 14:21:05.717  1368  1368 I KeyboardViewController: KeyboardViewController.lambda$showSelfAndAncestors$6():609 current view doesn't has the priority com.google.android.libraries.inputmethod.accesspoint.widget.AccessPointsBar{c6c6f63 I.E...... ......ID 0,0-836,121 #7f0b0018 app:id/0_resource_name_obfuscated} to show itself, DEFAULT
12-20 14:21:05.723  4607  4665 W ogle.android.as: Long monitor contention with owner aiai-min-shared-0 (4645) at java.lang.Object erb.b()(PG:2) waiters=0 in java.lang.Object erb.b() for 3.043s
12-20 14:21:05.766  1368  1368 I GoogleInputMethodService: GoogleInputMethodService.setKeyboardViewShown():3483 setKeyboardViewShown() : type = HEADER, shownType = SHOW_MANDATORY_WITH_ANIMATION
12-20 14:21:05.767  1368  1368 I GoogleInputMethodService: GoogleInputMethodService.setKeyboardViewShown():3530 setKeyboardViewShown() : shouldShow = true
12-20 14:21:05.780  1368  1403 I tflite  : Created TensorFlow Lite XNNPACK delegate for CPU.
12-20 14:21:05.884  1368  1982 I native  : I0000 00:00:1734718865.884374    1982 input-context-store.cc:255] Ignoring stale client request for FetchSuggestions
12-20 14:21:05.906  1368  1368 W InputContextProxyV4: InputContextProxyV4.applyClientDiffInternal():897 Ignore [FetchSuggestions] diff due to stale request: 160<161, inputStateId=101, lastInputStateId=101
12-20 14:21:05.915  8024  8038 W ziparchive: Unable to open '/data/app/~~alAN2P2KapYvX_caO7Zk6g==/com.example.android.testing.espresso.BasicSample-7pp8DuNRwJpcTWUralIShQ==/base.apk': No such file or directory
12-20 14:21:05.922  8024  8038 E .apps.wellbeing: Failed to open APK '/data/app/~~alAN2P2KapYvX_caO7Zk6g==/com.example.android.testing.espresso.BasicSample-7pp8DuNRwJpcTWUralIShQ==/base.apk': I/O error
12-20 14:21:05.925  8024  8038 W ResourcesManager: failed to preload asset path '/data/app/~~alAN2P2KapYvX_caO7Zk6g==/com.example.android.testing.espresso.BasicSample-7pp8DuNRwJpcTWUralIShQ==/base.apk'
12-20 14:21:05.925  8024  8038 W ResourcesManager: java.io.IOException: Failed to load asset path /data/app/~~alAN2P2KapYvX_caO7Zk6g==/com.example.android.testing.espresso.BasicSample-7pp8DuNRwJpcTWUralIShQ==/base.apk
12-20 14:21:05.925  8024  8038 W ResourcesManager: 	at android.content.res.ApkAssets.nativeLoad(Native Method)
12-20 14:21:05.925  8024  8038 W ResourcesManager: 	at android.content.res.ApkAssets.<init>(ApkAssets.java:298)
12-20 14:21:05.925  8024  8038 W ResourcesManager: 	at android.content.res.ApkAssets.loadFromPath(ApkAssets.java:147)
12-20 14:21:05.925  8024  8038 W ResourcesManager: 	at android.app.ResourcesManager.loadApkAssets(ResourcesManager.java:474)
12-20 14:21:05.925  8024  8038 W ResourcesManager: 	at android.app.ResourcesManager.-$$Nest$mloadApkAssets(Unknown Source:0)
12-20 14:21:05.925  8024  8038 W ResourcesManager: 	at android.app.ResourcesManager$ApkAssetsSupplier.load(ResourcesManager.java:167)
12-20 14:21:05.925  8024  8038 W ResourcesManager: 	at android.app.ResourcesManager.createApkAssetsSupplierNotLocked(ResourcesManager.java:1004)
12-20 14:21:05.925  8024  8038 W ResourcesManager: 	at android.app.ResourcesManager.getResources(ResourcesManager.java:1125)
12-20 14:21:05.925  8024  8038 W ResourcesManager: 	at android.app.ActivityThread.getTopLevelResources(ActivityThread.java:2597)
12-20 14:21:05.925  8024  8038 W ResourcesManager: 	at android.app.ApplicationPackageManager.getResourcesForApplication(ApplicationPackageManager.java:2060)
12-20 14:21:05.925  8024  8038 W ResourcesManager: 	at android.app.ApplicationPackageManager.getResourcesForApplication(ApplicationPackageManager.java:2046)
12-20 14:21:05.925  8024  8038 W ResourcesManager: 	at android.app.ApplicationPackageManager.getText(ApplicationPackageManager.java:2363)
12-20 14:21:05.925  8024  8038 W ResourcesManager: 	at android.content.pm.PackageItemInfo.loadUnsafeLabel(PackageItemInfo.java:222)
12-20 14:21:05.925  8024  8038 W ResourcesManager: 	at android.content.pm.PackageItemInfo.loadLabel(PackageItemInfo.java:212)
12-20 14:21:05.925  8024  8038 W ResourcesManager: 	at android.app.ApplicationPackageManager.getApplicationLabel(ApplicationPackageManager.java:2408)
12-20 14:21:05.925  8024  8038 W ResourcesManager: 	at crm.f(PG:6)
12-20 14:21:05.925  8024  8038 W ResourcesManager: 	at cdm.apply(PG:74)
12-20 14:21:05.925  8024  8038 W ResourcesManager: 	at j$.util.stream.i.accept(SourceFile:27)
12-20 14:21:05.925  8024  8038 W ResourcesManager: 	at j$.util.stream.P0.accept(SourceFile:3)
12-20 14:21:05.925  8024  8038 W ResourcesManager: 	at j$.util.a.forEachRemaining(SourceFile:20)
12-20 14:21:05.925  8024  8038 W ResourcesManager: 	at j$.util.stream.c.v(SourceFile:21)
12-20 14:21:05.925  8024  8038 W ResourcesManager: 	at j$.util.stream.c.C(SourceFile:8)
12-20 14:21:05.925  8024  8038 W ResourcesManager: 	at j$.util.stream.I0.e(SourceFile:1)
12-20 14:21:05.925  8024  8038 W ResourcesManager: 	at j$.util.stream.c.F(SourceFile:35)
12-20 14:21:05.925  8024  8038 W ResourcesManager: 	at j$.util.stream.g1.collect(SourceFile:83)
12-20 14:21:05.925  8024  8038 W ResourcesManager: 	at bsv.a(PG:14)
12-20 14:21:05.925  8024  8038 W ResourcesManager: 	at jza.a(PG:30)
12-20 14:21:05.925  8024  8038 W ResourcesManager: 	at jza.a(PG:42)
12-20 14:21:05.925  8024  8038 W ResourcesManager: 	at lne.a(PG:1)
12-20 14:21:05.925  8024  8038 W ResourcesManager: 	at lmk.run(PG:4)
12-20 14:21:05.925  8024  8038 W ResourcesManager: 	at lng.run(PG:1)
12-20 14:21:05.925  8024  8038 W ResourcesManager: 	at llo.run(PG:3)
12-20 14:21:05.925  8024  8038 W ResourcesManager: 	at idn.run(PG:5)
12-20 14:21:05.925  8024  8038 W ResourcesManager: 	at java.util.concurrent.ThreadPoolExecutor.runWorker(ThreadPoolExecutor.java:1145)
12-20 14:21:05.925  8024  8038 W ResourcesManager: 	at java.util.concurrent.ThreadPoolExecutor$Worker.run(ThreadPoolExecutor.java:644)
12-20 14:21:05.925  8024  8038 W ResourcesManager: 	at huo.run(PG:51)
12-20 14:21:05.925  8024  8038 W ResourcesManager: 	at java.lang.Thread.run(Thread.java:1012)
12-20 14:21:05.925  8024  8038 W ResourcesManager: 	at idx.run(PG:5)
12-20 14:21:05.938  8024  8038 W ziparchive: Unable to open '/data/app/~~alAN2P2KapYvX_caO7Zk6g==/com.example.android.testing.espresso.BasicSample-7pp8DuNRwJpcTWUralIShQ==/base.apk': No such file or directory
12-20 14:21:05.938  8024  8038 E .apps.wellbeing: Failed to open APK '/data/app/~~alAN2P2KapYvX_caO7Zk6g==/com.example.android.testing.espresso.BasicSample-7pp8DuNRwJpcTWUralIShQ==/base.apk': I/O error
12-20 14:21:05.940  8024  8038 E ResourcesManager: failed to add asset path '/data/app/~~alAN2P2KapYvX_caO7Zk6g==/com.example.android.testing.espresso.BasicSample-7pp8DuNRwJpcTWUralIShQ==/base.apk'
12-20 14:21:05.940  8024  8038 E ResourcesManager: java.io.IOException: Failed to load asset path /data/app/~~alAN2P2KapYvX_caO7Zk6g==/com.example.android.testing.espresso.BasicSample-7pp8DuNRwJpcTWUralIShQ==/base.apk
12-20 14:21:05.940  8024  8038 E ResourcesManager: 	at android.content.res.ApkAssets.nativeLoad(Native Method)
12-20 14:21:05.940  8024  8038 E ResourcesManager: 	at android.content.res.ApkAssets.<init>(ApkAssets.java:298)
12-20 14:21:05.940  8024  8038 E ResourcesManager: 	at android.content.res.ApkAssets.loadFromPath(ApkAssets.java:147)
12-20 14:21:05.940  8024  8038 E ResourcesManager: 	at android.app.ResourcesManager.loadApkAssets(ResourcesManager.java:474)
12-20 14:21:05.940  8024  8038 E ResourcesManager: 	at android.app.ResourcesManager.-$$Nest$mloadApkAssets(Unknown Source:0)
12-20 14:21:05.940  8024  8038 E ResourcesManager: 	at android.app.ResourcesManager$ApkAssetsSupplier.load(ResourcesManager.java:167)
