12-20 14:21:05.940  8024  8038 E ResourcesManager: 	at android.app.ResourcesManager.createAssetManager(ResourcesManager.java:550)
12-20 14:21:05.940  8024  8038 E ResourcesManager: 	at android.app.ResourcesManager.createResourcesImpl(ResourcesManager.java:637)
12-20 14:21:05.940  8024  8038 E ResourcesManager: 	at android.app.ResourcesManager.findOrCreateResourcesImplForKeyLocked(ResourcesManager.java:689)
12-20 14:21:05.940  8024  8038 E ResourcesManager: 	at android.app.ResourcesManager.createResources(ResourcesManager.java:1035)
12-20 14:21:05.940  8024  8038 E ResourcesManager: 	at android.app.ResourcesManager.getResources(ResourcesManager.java:1138)
12-20 14:21:05.940  8024  8038 E ResourcesManager: 	at android.app.ActivityThread.getTopLevelResources(ActivityThread.java:2597)
12-20 14:21:05.940  8024  8038 E ResourcesManager: 	at android.app.ApplicationPackageManager.getResourcesForApplication(ApplicationPackageManager.java:2060)
12-20 14:21:05.940  8024  8038 E ResourcesManager: 	at android.app.ApplicationPackageManager.getResourcesForApplication(ApplicationPackageManager.java:2046)
12-20 14:21:05.940  8024  8038 E ResourcesManager: 	at android.app.ApplicationPackageManager.getText(ApplicationPackageManager.java:2363)
12-20 14:21:05.940  8024  8038 E ResourcesManager: 	at android.content.pm.PackageItemInfo.loadUnsafeLabel(PackageItemInfo.java:222)
12-20 14:21:05.940  8024  8038 E ResourcesManager: 	at android.content.pm.PackageItemInfo.loadLabel(PackageItemInfo.java:212)
12-20 14:21:05.940  8024  8038 E ResourcesManager: 	at android.app.ApplicationPackageManager.getApplicationLabel(ApplicationPackageManager.java:2408)
12-20 14:21:05.940  8024  8038 E ResourcesManager: 	at crm.f(PG:6)
12-20 14:21:05.940  8024  8038 E ResourcesManager: 	at cdm.apply(PG:74)
12-20 14:21:05.940  8024  8038 E ResourcesManager: 	at j$.util.stream.i.accept(SourceFile:27)
12-20 14:21:05.940  8024  8038 E ResourcesManager: 	at j$.util.stream.P0.accept(SourceFile:3)
12-20 14:21:05.940  8024  8038 E ResourcesManager: 	at j$.util.a.forEachRemaining(SourceFile:20)
12-20 14:21:05.940  8024  8038 E ResourcesManager: 	at j$.util.stream.c.v(SourceFile:21)
12-20 14:21:05.940  8024  8038 E ResourcesManager: 	at j$.util.stream.c.C(SourceFile:8)
12-20 14:21:05.940  8024  8038 E ResourcesManager: 	at j$.util.stream.I0.e(SourceFile:1)
12-20 14:21:05.940  8024  8038 E ResourcesManager: 	at j$.util.stream.c.F(SourceFile:35)
12-20 14:21:05.940  8024  8038 E ResourcesManager: 	at j$.util.stream.g1.collect(SourceFile:83)
12-20 14:21:05.940  8024  8038 E ResourcesManager: 	at bsv.a(PG:14)
12-20 14:21:05.940  8024  8038 E ResourcesManager: 	at jza.a(PG:30)
12-20 14:21:05.940  8024  8038 E ResourcesManager: 	at jza.a(PG:42)
12-20 14:21:05.940  8024  8038 E ResourcesManager: 	at lne.a(PG:1)
12-20 14:21:05.940  8024  8038 E ResourcesManager: 	at lmk.run(PG:4)
12-20 14:21:05.940  8024  8038 E ResourcesManager: 	at lng.run(PG:1)
12-20 14:21:05.940  8024  8038 E ResourcesManager: 	at llo.run(PG:3)
12-20 14:21:05.940  8024  8038 E ResourcesManager: 	at idn.run(PG:5)
12-20 14:21:05.940  8024  8038 E ResourcesManager: 	at java.util.concurrent.ThreadPoolExecutor.runWorker(ThreadPoolExecutor.java:1145)
12-20 14:21:05.940  8024  8038 E ResourcesManager: 	at java.util.concurrent.ThreadPoolExecutor$Worker.run(ThreadPoolExecutor.java:644)
12-20 14:21:05.940  8024  8038 E ResourcesManager: 	at huo.run(PG:51)
12-20 14:21:05.940  8024  8038 E ResourcesManager: 	at java.lang.Thread.run(Thread.java:1012)
12-20 14:21:05.940  8024  8038 E ResourcesManager: 	at idx.run(PG:5)
12-20 14:21:05.948  8024  8038 W PackageManager: Failure retrieving resources for com.example.android.testing.espresso.BasicSample
12-20 14:21:06.039  1368  1982 I native  : I0000 00:00:1734718866.039103    1982 input-context-store.cc:255] Ignoring stale client request for FetchSuggestions
12-20 14:21:06.071 12210 12210 I ViewInteraction: Performing 'close keyboard' action on view view.getId() is <2130903042/com.example.android.testing.espresso.BasicSample:id/editTextUserInput>
12-20 14:21:06.073 12210 12210 D IdlingRegistry: Registering idling resources: [androidx.test.espresso.action.CloseKeyboardAction$CloseKeyboardIdlingResult@e62c7aa]
12-20 14:21:06.075  1368  1368 W InputContextProxyV4: InputContextProxyV4.applyClientDiffInternal():897 Ignore [FetchSuggestions] diff due to stale request: 162<163, inputStateId=102, lastInputStateId=102
12-20 14:21:06.076 12210 12210 I ImeTracker: com.example.android.testing.espresso.BasicSample:e9f6864: onRequestHide at ORIGIN_CLIENT_HIDE_SOFT_INPUT reason HIDE_SOFT_INPUT
12-20 14:21:06.091  1368  1368 I GoogleInputMethodService: GoogleInputMethodService.onFinishInputView():2241
12-20 14:21:06.095  1368  1368 W TooltipLifecycleManager: TooltipLifecycleManager.dismissTooltips():159 Tooltip with id spell_check_add_to_dictionary not found in tooltipManager.
12-20 14:21:06.116  1368  1368 I InputBundle: InputBundle.consumeEvent():923 Skip consuming an event as keyboard status is 0
12-20 14:21:06.117  1368  1368 I KeyboardWrapper: KeyboardWrapper.consumeEvent():275 Skip consuming an event as current keyboard is deactivated (state=0, keyboard existence=true)
12-20 14:21:06.117  1368  1368 I VoiceInputManagerWrapper: VoiceInputManagerWrapper.shutdown():77 shutdown()
12-20 14:21:06.119  1368  1368 I AndroidIME: AbstractIme.onDeactivate():207 LatinIme.onDeactivate()
12-20 14:21:06.154  1368  1982 I native  : I0000 00:00:1734718866.154369    1982 input-context-store.cc:255] Ignoring stale client request for FetchSuggestions
12-20 14:21:06.181 12210 12210 W WindowOnBackDispatcher: sendCancelIfRunning: isInProgress=falsecallback=ImeCallback=ImeOnBackInvokedCallback@20825863 Callback=android.window.IOnBackInvokedCallback$Stub$Proxy@60ff9b
12-20 14:21:06.260  1368  1368 W InputContextProxyV4: InputContextProxyV4.applyClientDiffInternal():897 Ignore [FetchSuggestions] diff due to stale request: 164<167, inputStateId=104, lastInputStateId=104
12-20 14:21:06.263  1368  1982 W Delight5Decoder: Delight5DecoderWrapper.shouldAbandonMessage():1983 Detected old [FetchSuggestions] request in background: 166<167
12-20 14:21:06.295  1368  1483 I NebulaeTrainingCacheMetricsProcessor: NebulaeTrainingCacheMetricsProcessor.processEndSession():447 No input action collection in this session, skip logging.
12-20 14:21:06.303 12210 12210 W FrameTracker: Missed App frame:UNKNOWN: 88, 133621, 0, CUJ=J<IME_INSETS_ANIMATION::0@0@com.example.android.testing.espresso.BasicSample>
12-20 14:21:06.304 12210 12210 W FrameTracker: Missed SF frame:UNKNOWN: 88, 133621, 0, CUJ=J<IME_INSETS_ANIMATION::0@0@com.example.android.testing.espresso.BasicSample>
12-20 14:21:06.308 12210 12210 W FrameTracker: Missed App frame:UNKNOWN: 88, 133644, 0, CUJ=J<IME_INSETS_ANIMATION::0@0@com.example.android.testing.espresso.BasicSample>
12-20 14:21:06.309 12210 12210 W FrameTracker: Missed SF frame:UNKNOWN: 88, 133644, 0, CUJ=J<IME_INSETS_ANIMATION::0@0@com.example.android.testing.espresso.BasicSample>
12-20 14:21:06.309 12210 12210 W FrameTracker: Missed App frame:JANK_APP_DEADLINE_MISSED, 133770, 0, CUJ=J<IME_INSETS_ANIMATION::0@0@com.example.android.testing.espresso.BasicSample>
12-20 14:21:06.310 12210 12332 V PerfettoTrigger: Triggering /system/bin/trigger_perfetto com.android.telemetry.interaction-jank-monitor-69
12-20 14:21:06.382   735   858 D EGL_emulation: app_time_stats: avg=115.92ms min=1.31ms max=1092.80ms count=10
12-20 14:21:06.449 12210 12210 I ImeTracker: com.example.android.testing.espresso.BasicSample:dc6f3cfb: onRequestHide at ORIGIN_CLIENT_HIDE_SOFT_INPUT reason HIDE_SOFT_INPUT_BY_INSETS_API
12-20 14:21:06.453   523   586 I ImeTracker: com.example.android.testing.espresso.BasicSample:dc6f3cfb: onCancelled at PHASE_SERVER_SHOULD_HIDE
12-20 14:21:06.464 12210 12210 I ImeTracker: com.example.android.testing.espresso.BasicSample:e9f6864: onHidden
12-20 14:21:06.492 12210 12210 D IdlingRegistry: Unregistering idling resources: [androidx.test.espresso.action.CloseKeyboardAction$CloseKeyboardIdlingResult@e62c7aa]
12-20 14:21:06.496 12210 12210 I ViewInteraction: Performing 'single click' action on view view.getId() is <2130903040/com.example.android.testing.espresso.BasicSample:id/activityChangeTextBtn>
12-20 14:21:06.527  1008  1008 D TaplEvents: TIS / TouchInteractionService.onInputEvent: MotionEvent { action=ACTION_DOWN, actionButton=0, id[0]=0, x[0]=539.5, y[0]=843.5, toolType[0]=TOOL_TYPE_UNKNOWN, buttonState=BUTTON_PRIMARY, classification=NONE, metaState=0, flags=0x0, edgeFlags=0x0, pointerCount=1, historySize=0, eventTime=142075144, downTime=142075144, deviceId=-1, source=0x1002, displayId=0, eventId=-155726490 }
12-20 14:21:06.538  1368  2605 E native  : E0000 00:00:1734718866.312642    2605 keyboard.cc:27] Cannot create a keyboard with 0 valid keys
12-20 14:21:06.603 12210 12289 D EGL_emulation: app_time_stats: avg=116.54ms min=63.36ms max=391.53ms count=11
12-20 14:21:06.711  1008  1008 D TaplEvents: TIS / TouchInteractionService.onInputEvent: MotionEvent { action=ACTION_UP, actionButton=0, id[0]=0, x[0]=539.5, y[0]=843.5, toolType[0]=TOOL_TYPE_FINGER, buttonState=BUTTON_PRIMARY, classification=NONE, metaState=0, flags=0x0, edgeFlags=0x0, pointerCount=1, historySize=0, eventTime=142075355, downTime=142075144, deviceId=-1, source=0x1002, displayId=0, eventId=-921785692 }
12-20 14:21:06.809 12210 12210 D LifecycleMonitor: Lifecycle status change: com.example.android.testing.espresso.BasicSample.MainActivity@985cd96 in: PAUSED
12-20 14:21:06.816 12210 12210 V ActivityScenario: Update currentActivityStage to PAUSED, currentActivity=com.example.android.testing.espresso.BasicSample.MainActivity@985cd96
12-20 14:21:06.831   369   587 D audioserver: FGS Logger Transaction failed
12-20 14:21:06.836   369   587 D audioserver: -129
12-20 14:21:06.978 12210 12210 D LifecycleMonitor: Lifecycle status change: com.example.android.testing.espresso.BasicSample.ShowTextActivity@6bd058b in: PRE_ON_CREATE
12-20 14:21:06.980 12210 12210 V ActivityScenario: Activity lifecycle changed event received but ignored because the intent does not match. startActivityIntent=Intent { act=android.intent.action.MAIN cat=[android.intent.category.LAUNCHER] cmp=com.example.android.testing.espresso.BasicSample/.MainActivity }, activity.getIntent()=Intent { cmp=com.example.android.testing.espresso.BasicSample/.ShowTextActivity (has extras) }, activity=com.example.android.testing.espresso.BasicSample.ShowTextActivity@6bd058b
12-20 14:21:06.984   375   375 I BpBinder: onLastStrongRef automatically unlinking death recipients:
12-20 14:21:07.034 12210 12210 D LifecycleMonitor: Lifecycle status change: com.example.android.testing.espresso.BasicSample.ShowTextActivity@6bd058b in: CREATED
12-20 14:21:07.039 12210 12210 V ActivityScenario: Activity lifecycle changed event received but ignored because the intent does not match. startActivityIntent=Intent { act=android.intent.action.MAIN cat=[android.intent.category.LAUNCHER] cmp=com.example.android.testing.espresso.BasicSample/.MainActivity }, activity.getIntent()=Intent { cmp=com.example.android.testing.espresso.BasicSample/.ShowTextActivity (has extras) }, activity=com.example.android.testing.espresso.BasicSample.ShowTextActivity@6bd058b
12-20 14:21:07.040 12210 12210 D LifecycleMonitor: Lifecycle status change: com.example.android.testing.espresso.BasicSample.ShowTextActivity@6bd058b in: STARTED
12-20 14:21:07.042 12210 12210 V ActivityScenario: Activity lifecycle changed event received but ignored because the intent does not match. startActivityIntent=Intent { act=android.intent.action.MAIN cat=[android.intent.category.LAUNCHER] cmp=com.example.android.testing.espresso.BasicSample/.MainActivity }, activity.getIntent()=Intent { cmp=com.example.android.testing.espresso.BasicSample/.ShowTextActivity (has extras) }, activity=com.example.android.testing.espresso.BasicSample.ShowTextActivity@6bd058b
12-20 14:21:07.048 12210 12210 D LifecycleMonitor: Lifecycle status change: com.example.android.testing.espresso.BasicSample.ShowTextActivity@6bd058b in: RESUMED
12-20 14:21:07.049 12210 12210 V ActivityScenario: Activity lifecycle changed event received but ignored because the intent does not match. startActivityIntent=Intent { act=android.intent.action.MAIN cat=[android.intent.category.LAUNCHER] cmp=com.example.android.testing.espresso.BasicSample/.MainActivity }, activity.getIntent()=Intent { cmp=com.example.android.testing.espresso.BasicSample/.ShowTextActivity (has extras) }, activity=com.example.android.testing.espresso.BasicSample.ShowTextActivity@6bd058b
12-20 14:21:07.145   369   502 D audioserver: FGS Logger Transaction failed
12-20 14:21:07.145   369   502 D audioserver: -129
12-20 14:21:07.168 12210 12289 E OpenGLRenderer: Unable to match the desired swap behavior.
12-20 14:21:07.229   523   540 I ActivityTaskManager: Displayed com.example.android.testing.espresso.BasicSample/.ShowTextActivity for user 0: +473ms
12-20 14:21:07.255   375   449 D PermissionCache: checking android.permission.CAPTURE_BLACKOUT_CONTENT for uid=10167 => granted (324 us)
12-20 14:21:07.653 12210 12289 D EGL_emulation: app_time_stats: avg=18.12ms min=1.84ms max=94.82ms count=35
12-20 14:21:07.689   523   652 W system_server: Long monitor contention with owner android.bg (552) at boolean com.android.server.am.OomAdjuster.updateOomAdjLocked(com.android.server.am.ProcessRecord, int)(OomAdjuster.java:609) waiters=0 in void com.android.server.am.ActivityManagerService$LocalService.notifyNetworkPolicyRulesUpdated(int, long) for 352ms
12-20 14:21:07.697   523   543 W system_server: Long monitor contention with owner android.bg (552) at void com.android.server.am.ContentProviderHelper.handleProviderRemoval(com.android.server.am.ContentProviderConnection, boolean, boolean)(ContentProviderHelper.java:1522) waiters=0 in void com.android.server.am.ActivityManagerService.trimApplications(boolean, int) for 316ms
12-20 14:21:07.699   523   553 W system_server: Long monitor contention with owner android.bg (552) at void com.android.server.am.ContentProviderHelper.handleProviderRemoval(com.android.server.am.ContentProviderConnection, boolean, boolean)(ContentProviderHelper.java:1522) waiters=1 in boolean com.android.server.am.BroadcastQueueModernImpl.lambda$new$0(android.os.Message) for 318ms
12-20 14:21:07.713 12210 12210 D RootViewPicker: Root not ready - waiting: 10ms for one to appear.
12-20 14:21:07.733 12210 12210 D RootViewPicker: Root not ready - waiting: 25ms for one to appear.
12-20 14:21:07.746   735   858 D EGL_emulation: app_time_stats: avg=26.01ms min=0.79ms max=402.98ms count=40
12-20 14:21:07.759 12210 12210 D RootViewPicker: Root not ready - waiting: 50ms for one to appear.
12-20 14:21:07.812 12210 12210 D RootViewPicker: Root not ready - waiting: 100ms for one to appear.
12-20 14:21:07.914 12210 12210 D RootViewPicker: Root not ready - waiting: 200ms for one to appear.
12-20 14:21:08.011   523  1947 I ImeTracker: com.example.android.testing.espresso.BasicSample:761faca1: onRequestHide at ORIGIN_SERVER_HIDE_INPUT reason HIDE_UNSPECIFIED_WINDOW
12-20 14:21:08.012   523  1947 I ImeTracker: com.example.android.testing.espresso.BasicSample:761faca1: onCancelled at PHASE_SERVER_SHOULD_HIDE
12-20 14:21:08.030  1368  1368 I GoogleInputMethodService: GoogleInputMethodService.onFinishInput():3227
12-20 14:21:08.047  1368  1368 I GoogleInputMethodService: GoogleInputMethodService.updateDeviceLockedStatus():2087 repeatCheckTimes = 0, unlocked = true
12-20 14:21:08.052  1368  1368 I GoogleInputMethodService: GoogleInputMethodService.onStartInput():1877 onStartInput(EditorInfo{inputType=0x0(NULL) imeOptions=0x0 privateImeOptions=null actionName=UNSPECIFIED actionLabel=null actionId=0 initialSelStart=-1 initialSelEnd=-1 initialCapsMode=0x0 hintText=null label=null packageName=com.example.android.testing.espresso.BasicSample fieldId=0 fieldName=null extras=null}, false)
12-20 14:21:08.054  1368  1368 I GoogleInputMethodService: GoogleInputMethodService.shouldHideHeaderOnInitialState():4008 ShouldHideHeaderOnInitialState = false
12-20 14:21:08.056  1368  1368 I GoogleInputMethodService: GoogleInputMethodService.updateDeviceLockedStatus():2087 repeatCheckTimes = 2, unlocked = true
12-20 14:21:08.082  1368  1368 I ShortcutsDataManager: AbstractContentDataManager.startImportContentTask():234 startImportContentTask()
12-20 14:21:08.083  1368  1911 I ShortcutsDataManager: AbstractContentDataManager$ImportContentTask.doInBackground():248 doInBackground()
12-20 14:21:08.090  1368  1911 I PersonalDictionaryDataHandler: PersonalDictionaryDataHandler.beginProcess():111 LanguageTags = [en-US]
12-20 14:21:08.117 12210 12210 I ViewInteraction: Checking 'MatchesViewAssertion{viewMatcher=an instance of android.widget.TextView and view.getText() with or without transformation to match: is "Prueba de Sonido"}' assertion on view view.getId() is <2130903043/com.example.android.testing.espresso.BasicSample:id/show_text_view>
12-20 14:21:08.373   523   553 W system_server: Long monitor contention with owner binder:523_13 (1947) at android.app.ContentProviderHolder com.android.server.am.ContentProviderHelper.getContentProviderImpl(android.app.IApplicationThread, java.lang.String, android.os.IBinder, int, java.lang.String, java.lang.String, boolean, int)(ContentProviderHelper.java:614) waiters=0 in boolean com.android.server.am.BroadcastQueueModernImpl.lambda$new$0(android.os.Message) for 241ms
12-20 14:21:08.503 12210 12210 D LifecycleMonitor: Lifecycle status change: com.example.android.testing.espresso.BasicSample.ShowTextActivity@6bd058b in: PAUSED
12-20 14:21:08.503 12210 12210 V ActivityScenario: Activity lifecycle changed event received but ignored because the intent does not match. startActivityIntent=Intent { act=android.intent.action.MAIN cat=[android.intent.category.LAUNCHER] cmp=com.example.android.testing.espresso.BasicSample/.MainActivity }, activity.getIntent()=Intent { cmp=com.example.android.testing.espresso.BasicSample/.ShowTextActivity (has extras) }, activity=com.example.android.testing.espresso.BasicSample.ShowTextActivity@6bd058b
12-20 14:21:08.876   523   543 W system_server: Long monitor contention with owner binder:523_B (1321) at void com.android.server.am.ProcessErrorStateRecord.dump(java.io.PrintWriter, java.lang.String, long)(ProcessErrorStateRecord.java:785) waiters=0 in void com.android.server.am.ProcessRecord.setPendingUiClean(boolean) for 357ms
12-20 14:21:08.878   523   652 W system_server: Long monitor contention with owner binder:523_B (1321) at void com.android.server.am.ProcessErrorStateRecord.dump(java.io.PrintWriter, java.lang.String, long)(ProcessErrorStateRecord.java:785) waiters=1 in void com.android.server.am.ActivityManagerService$LocalService.notifyNetworkPolicyRulesUpdated(int, long) for 318ms
12-20 14:21:08.912 12210 12210 D LifecycleMonitor: Lifecycle status change: com.example.android.testing.espresso.BasicSample.MainActivity@985cd96 in: STOPPED
12-20 14:21:08.913 12210 12210 V ActivityScenario: Update currentActivityStage to STOPPED, currentActivity=com.example.android.testing.espresso.BasicSample.MainActivity@985cd96
12-20 14:21:09.092 12210 12210 D AutofillManager: onActivityFinishing(): calling cancelLocked()
12-20 14:21:09.092 12210 12210 D LifecycleMonitor: Lifecycle status change: com.example.android.testing.espresso.BasicSample.MainActivity@985cd96 in: DESTROYED
12-20 14:21:09.092 12210 12210 V ActivityScenario: Update currentActivityStage to DESTROYED, currentActivity=null
12-20 14:21:09.093 12210 12210 W WindowOnBackDispatcher: sendCancelIfRunning: isInProgress=falsecallback=android.view.ViewRootImpl$$ExternalSyntheticLambda17@a858763
12-20 14:21:09.143   523  1428 W InputManager-JNI: Input channel object '9aa8640 com.example.android.testing.espresso.BasicSample/com.example.android.testing.espresso.BasicSample.MainActivity (client)' was disposed without first being removed with the input manager!
12-20 14:21:09.190  8024  8029 I .apps.wellbeing: Background young concurrent copying GC freed 67526(3359KB) AllocSpace objects, 0(0B) LOS objects, 39% free, 5554KB/9107KB, paused 6.328ms,51us total 382.770ms
12-20 14:21:09.213 12255 12255 D CompatibilityChangeReporter: Compat change id reported: 237531167; UID 10193; state: DISABLED
12-20 14:21:09.228 12255 12255 W OpenGLRenderer: Unknown dataspace 0
12-20 14:21:09.313 12255 12277 W OpenGLRenderer: Failed to choose config with EGL_SWAP_BEHAVIOR_PRESERVED, retrying without...
12-20 14:21:09.314 12255 12277 W OpenGLRenderer: Failed to initialize 101010-2 format, error = EGL_SUCCESS
12-20 14:21:09.334  4607  4665 W ogle.android.as: Long monitor contention with owner aiai-min-shared-0 (4645) at java.lang.Object erb.b()(PG:2) waiters=0 in java.lang.Object erb.b() for 2.642s
12-20 14:21:09.373   123   123 I hwservicemanager: getTransport: Cannot find entry android.hardware.graphics.mapper@4.0::IMapper/default in either framework or device VINTF manifest.
12-20 14:21:09.373 12255 12277 I Gralloc4: mapper 4.x is not supported
12-20 14:21:09.419 12255 12277 E OpenGLRenderer: Unable to match the desired swap behavior.
12-20 14:21:09.477  1368  1911 I ShortcutsDataManager: AbstractContentDataManager.importRecords():338 importRecords() : Success : Count = 0
12-20 14:21:09.480  1368  1911 I ShortcutsDataManager: AbstractContentDataManager.importContentData():288 importContentData() : Ending import process
12-20 14:21:09.514  1368  1982 I Delight5Decoder: Delight5DecoderWrapper.unloadLanguageModel():857 unloadLanguageModel() : 4, version [n/a]
12-20 14:21:09.554 12210 12242 I TestRunner: finished: changeText_newActivity(com.example.android.testing.espresso.BasicSample.ChangeTextBehaviorKtTest)
